0 verbose cli C:\Program Files\nodejs\node.exe C:\Program Files\nodejs\node_modules\npm\bin\npm-cli.js
1 info using npm@10.9.0
2 info using node@v22.12.0
3 silly config load:file:C:\Program Files\nodejs\node_modules\npm\npmrc
4 silly config load:file:c:\Development\HTMX\RosieTaylorBranding\.npmrc
5 silly config load:file:C:\Users\ptayl\.npmrc
6 silly config load:file:c:\Development\HTMX\RosieTaylorBranding\%USERPROFILE%\npm\etc\npmrc
7 verbose title npm view daisyui description dist-tags.latest homepage version time
8 verbose argv "view" "--json" "--" "daisyui" "description" "dist-tags.latest" "homepage" "version" "time"
9 verbose logfile logs-max:10 dir:c:\Development\HTMX\RosieTaylorBranding\%USERPROFILE%\npm-cache\_logs\2025-09-05T11_03_38_645Z-
10 verbose logfile c:\Development\HTMX\RosieTaylorBranding\%USERPROFILE%\npm-cache\_logs\2025-09-05T11_03_38_645Z-debug-0.log
11 silly logfile start cleaning logs, removing 1 files
12 silly logfile done cleaning log files
13 http fetch GET 200 https://registry.npmjs.org/daisyui 1588ms (cache updated)
14 verbose cwd c:\Development\HTMX\RosieTaylorBranding
15 verbose os Windows_NT 10.0.26100
16 verbose node v22.12.0
17 verbose npm  v10.9.0
18 verbose exit 0
19 info ok
